File "tests/parsing/smtlib/poly/errors/180_par_return_sort.psmt2", line 2, character 29-30:
2 | (declare-fun foo (par (A) () _
                                 ^
Error while parsing a function declaration, read the reserved word '_',
      but expected the return sort.
