Warning The following header fields are missing and thus default values will be assumed: :license
