File "tests/parsing/smtlib/poly/errors/095_get-option_unclosed_1.psmt2", line 1, character 17-18:
1 | (get-option :foo _)
                     ^
Error while parsing a get-option command, read the reserved word '_',
      but expected a closing parenthesis.
