Here is a good block:

```ocaml
```

And here is one that is not closed, this should not cause an infinite loop in the lexer:
```
```
