------------------------------------------
         - +4503599627370496    (+1p52)
1p52+1/2 = +9007199254740993p-1 (+9007199254740993p-1)
         + +4503599627370497    (+4503599627370497)
mantissa =  9007199254740992
=NE +1p52
+NE +1p52 (+4503599627370496)
-NE -1p52 (-4503599627370496)
=NA +4503599627370497p0
+NA +4503599627370497 (+4503599627370497)
-NA -4503599627370497 (-4503599627370497)
------------------------------------------
         - +4503599627370497    (+4503599627370497)
1p52+3/2 = +9007199254740995p-1 (+9007199254740995p-1)
         + +4503599627370498    (+2251799813685249p1)
mantissa =  9007199254740992
=NE +2251799813685249p1
+NE +2251799813685249p1 (+4503599627370498)
-NE -2251799813685249p1 (-4503599627370498)
=NA +2251799813685249p1
+NA +2251799813685249p1 (+4503599627370498)
-NA -2251799813685249p1 (-4503599627370498)
